{
  "result": [
    {
      "filePath": "file:///",
      "name": "project",
      "modules": [
        {
          "name": "services",
          "functions": [],
          "services": [
            {
              "name": "hello",
              "filePath": "hello.bal",
              "resources": [
                {
                  "name": "get satyHello",
                  "filePath": "hello.bal",
                  "startLine": 8,
                  "startColumn": 22,
                  "endLine": 8,
                  "endColumn": 25
                }
              ]
            }
          ]
        },
        {
          "functions": [
            {
              "name": "main",
              "filePath": "main.bal",
              "startLine": 3,
              "startColumn": 16,
              "endLine": 3,
              "endColumn": 20
            }
          ],
          "services": []
        }
      ]
    }
  ]
}
